Golden                                Revised                             
--------------------------------------------------------------------------------
digest[255]                           digest[255]                         
digest[254]                           digest[254]                         
digest[253]                           digest[253]                         
digest[252]                           digest[252]                         
digest[251]                           digest[251]                         
digest[250]                           digest[250]                         
digest[249]                           digest[249]                         
digest[248]                           digest[248]                         
digest[247]                           digest[247]                         
digest[246]                           digest[246]                         
digest[245]                           digest[245]                         
digest[244]                           digest[244]                         
digest[243]                           digest[243]                         
digest[242]                           digest[242]                         
digest[241]                           digest[241]                         
digest[240]                           digest[240]                         
digest[239]                           digest[239]                         
digest[238]                           digest[238]                         
digest[237]                           digest[237]                         
digest[236]                           digest[236]                         
digest[235]                           digest[235]                         
digest[234]                           digest[234]                         
digest[233]                           digest[233]                         
digest[232]                           digest[232]                         
digest[231]                           digest[231]                         
digest[230]                           digest[230]                         
digest[229]                           digest[229]                         
digest[228]                           digest[228]                         
digest[227]                           digest[227]                         
digest[226]                           digest[226]                         
digest[225]                           digest[225]                         
digest[224]                           digest[224]                         
digest[223]                           digest[223]                         
digest[222]                           digest[222]                         
digest[221]                           digest[221]                         
digest[220]                           digest[220]                         
digest[219]                           digest[219]                         
digest[218]                           digest[218]                         
digest[217]                           digest[217]                         
digest[216]                           digest[216]                         
digest[215]                           digest[215]                         
digest[214]                           digest[214]                         
digest[213]                           digest[213]                         
digest[212]                           digest[212]                         
digest[211]                           digest[211]                         
digest[210]                           digest[210]                         
digest[209]                           digest[209]                         
digest[208]                           digest[208]                         
digest[207]                           digest[207]                         
digest[206]                           digest[206]                         
digest[205]                           digest[205]                         
digest[204]                           digest[204]                         
digest[203]                           digest[203]                         
digest[202]                           digest[202]                         
digest[201]                           digest[201]                         
digest[200]                           digest[200]                         
digest[199]                           digest[199]                         
digest[198]                           digest[198]                         
digest[197]                           digest[197]                         
digest[196]                           digest[196]                         
digest[195]                           digest[195]                         
digest[194]                           digest[194]                         
digest[193]                           digest[193]                         
digest[192]                           digest[192]                         
digest[191]                           digest[191]                         
digest[190]                           digest[190]                         
digest[189]                           digest[189]                         
digest[188]                           digest[188]                         
digest[187]                           digest[187]                         
digest[186]                           digest[186]                         
digest[185]                           digest[185]                         
digest[184]                           digest[184]                         
digest[183]                           digest[183]                         
digest[182]                           digest[182]                         
digest[181]                           digest[181]                         
digest[180]                           digest[180]                         
digest[179]                           digest[179]                         
digest[178]                           digest[178]                         
digest[177]                           digest[177]                         
digest[176]                           digest[176]                         
digest[175]                           digest[175]                         
digest[174]                           digest[174]                         
digest[173]                           digest[173]                         
digest[172]                           digest[172]                         
digest[171]                           digest[171]                         
digest[170]                           digest[170]                         
digest[169]                           digest[169]                         
digest[168]                           digest[168]                         
digest[167]                           digest[167]                         
digest[166]                           digest[166]                         
digest[165]                           digest[165]                         
digest[164]                           digest[164]                         
digest[163]                           digest[163]                         
digest[162]                           digest[162]                         
digest[161]                           digest[161]                         
digest[160]                           digest[160]                         
digest[159]                           digest[159]                         
digest[158]                           digest[158]                         
digest[157]                           digest[157]                         
digest[156]                           digest[156]                         
digest[155]                           digest[155]                         
digest[154]                           digest[154]                         
digest[153]                           digest[153]                         
digest[152]                           digest[152]                         
digest[151]                           digest[151]                         
digest[150]                           digest[150]                         
digest[149]                           digest[149]                         
digest[148]                           digest[148]                         
digest[147]                           digest[147]                         
digest[146]                           digest[146]                         
digest[145]                           digest[145]                         
digest[144]                           digest[144]                         
digest[143]                           digest[143]                         
digest[142]                           digest[142]                         
digest[141]                           digest[141]                         
digest[140]                           digest[140]                         
digest[139]                           digest[139]                         
digest[138]                           digest[138]                         
digest[137]                           digest[137]                         
digest[136]                           digest[136]                         
digest[135]                           digest[135]                         
digest[134]                           digest[134]                         
digest[133]                           digest[133]                         
digest[132]                           digest[132]                         
digest[131]                           digest[131]                         
digest[130]                           digest[130]                         
digest[129]                           digest[129]                         
digest[128]                           digest[128]                         
digest[127]                           digest[127]                         
digest[126]                           digest[126]                         
digest[125]                           digest[125]                         
digest[124]                           digest[124]                         
digest[123]                           digest[123]                         
digest[122]                           digest[122]                         
digest[121]                           digest[121]                         
digest[120]                           digest[120]                         
digest[119]                           digest[119]                         
digest[118]                           digest[118]                         
digest[117]                           digest[117]                         
digest[116]                           digest[116]                         
digest[115]                           digest[115]                         
digest[114]                           digest[114]                         
digest[113]                           digest[113]                         
digest[112]                           digest[112]                         
digest[111]                           digest[111]                         
digest[110]                           digest[110]                         
digest[109]                           digest[109]                         
digest[108]                           digest[108]                         
digest[107]                           digest[107]                         
digest[106]                           digest[106]                         
digest[105]                           digest[105]                         
digest[104]                           digest[104]                         
digest[103]                           digest[103]                         
digest[102]                           digest[102]                         
digest[101]                           digest[101]                         
digest[100]                           digest[100]                         
digest[99]                            digest[99]                          
digest[98]                            digest[98]                          
digest[97]                            digest[97]                          
digest[96]                            digest[96]                          
digest[95]                            digest[95]                          
digest[94]                            digest[94]                          
digest[93]                            digest[93]                          
digest[92]                            digest[92]                          
digest[91]                            digest[91]                          
digest[90]                            digest[90]                          
digest[89]                            digest[89]                          
digest[88]                            digest[88]                          
digest[87]                            digest[87]                          
digest[86]                            digest[86]                          
digest[85]                            digest[85]                          
digest[84]                            digest[84]                          
digest[83]                            digest[83]                          
digest[82]                            digest[82]                          
digest[81]                            digest[81]                          
digest[80]                            digest[80]                          
digest[79]                            digest[79]                          
digest[78]                            digest[78]                          
digest[77]                            digest[77]                          
digest[76]                            digest[76]                          
digest[75]                            digest[75]                          
digest[74]                            digest[74]                          
digest[73]                            digest[73]                          
digest[72]                            digest[72]                          
digest[71]                            digest[71]                          
digest[70]                            digest[70]                          
digest[69]                            digest[69]                          
digest[68]                            digest[68]                          
digest[67]                            digest[67]                          
digest[66]                            digest[66]                          
digest[65]                            digest[65]                          
digest[64]                            digest[64]                          
digest[63]                            digest[63]                          
digest[62]                            digest[62]                          
digest[61]                            digest[61]                          
digest[60]                            digest[60]                          
digest[59]                            digest[59]                          
digest[58]                            digest[58]                          
digest[57]                            digest[57]                          
digest[56]                            digest[56]                          
digest[55]                            digest[55]                          
digest[54]                            digest[54]                          
digest[53]                            digest[53]                          
digest[52]                            digest[52]                          
digest[51]                            digest[51]                          
digest[50]                            digest[50]                          
digest[49]                            digest[49]                          
digest[48]                            digest[48]                          
digest[47]                            digest[47]                          
digest[46]                            digest[46]                          
digest[45]                            digest[45]                          
digest[44]                            digest[44]                          
digest[43]                            digest[43]                          
digest[42]                            digest[42]                          
digest[41]                            digest[41]                          
digest[40]                            digest[40]                          
digest[39]                            digest[39]                          
digest[38]                            digest[38]                          
digest[37]                            digest[37]                          
digest[36]                            digest[36]                          
digest[35]                            digest[35]                          
digest[34]                            digest[34]                          
digest[33]                            digest[33]                          
digest[32]                            digest[32]                          
digest[31]                            digest[31]                          
digest[30]                            digest[30]                          
digest[29]                            digest[29]                          
digest[28]                            digest[28]                          
digest[27]                            digest[27]                          
digest[26]                            digest[26]                          
digest[25]                            digest[25]                          
digest[24]                            digest[24]                          
digest[23]                            digest[23]                          
digest[22]                            digest[22]                          
digest[21]                            digest[21]                          
digest[20]                            digest[20]                          
digest[19]                            digest[19]                          
digest[18]                            digest[18]                          
digest[17]                            digest[17]                          
digest[16]                            digest[16]                          
digest[15]                            digest[15]                          
digest[14]                            digest[14]                          
digest[13]                            digest[13]                          
digest[12]                            digest[12]                          
digest[11]                            digest[11]                          
digest[10]                            digest[10]                          
digest[9]                             digest[9]                           
digest[8]                             digest[8]                           
digest[7]                             digest[7]                           
digest[6]                             digest[6]                           
digest[5]                             digest[5]                           
digest[4]                             digest[4]                           
digest[3]                             digest[3]                           
digest[2]                             digest[2]                           
digest[1]                             digest[1]                           
digest[0]                             digest[0]                           
ready                                 ready                               
digest_valid                          digest_valid                        
                                      pufout[0] (IG)                      
                                      pufout[1] (IG)                      
                                      pufout[2] (IG)                      
                                      pufout[3] (IG)                      
                                      pufout[4] (IG)                      
                                      pufout[5] (IG)                      
                                      pufout[6] (IG)                      
                                      pufout[7] (IG)                      
                                      pufout[8] (IG)                      
                                      pufout[9] (IG)                      
                                      pufout[10] (IG)                     
                                      pufout[11] (IG)                     
                                      pufout[12] (IG)                     
                                      pufout[13] (IG)                     
                                      pufout[14] (IG)                     
                                      pufout[15] (IG)                     
                                      pufout[16] (IG)                     
                                      pufout[17] (IG)                     
                                      pufout[18] (IG)                     
                                      pufout[19] (IG)                     
                                      pufout[20] (IG)                     
                                      pufout[21] (IG)                     
                                      pufout[22] (IG)                     
                                      pufout[23] (IG)                     
                                      pufout[24] (IG)                     
                                      pufout[25] (IG)                     
                                      pufout[26] (IG)                     
                                      pufout[27] (IG)                     
                                      pufout[28] (IG)                     
                                      pufout[29] (IG)                     
                                      pufout[30] (IG)                     
                                      pufout[31] (IG)                     
                                      pufout[32] (IG)                     
                                      pufout[33] (IG)                     
                                      pufout[34] (IG)                     
                                      pufout[35] (IG)                     
                                      pufout[36] (IG)                     
                                      pufout[37] (IG)                     
                                      pufout[38] (IG)                     
                                      pufout[39] (IG)                     
                                      pufout[40] (IG)                     
                                      pufout[41] (IG)                     
                                      pufout[42] (IG)                     
                                      pufout[43] (IG)                     
                                      pufout[44] (IG)                     
                                      pufout[45] (IG)                     
                                      pufout[46] (IG)                     
                                      pufout[47] (IG)                     
                                      pufout[48] (IG)                     
                                      pufout[49] (IG)                     
                                      pufout[50] (IG)                     
                                      pufout[51] (IG)                     
                                      pufout[52] (IG)                     
                                      pufout[53] (IG)                     
                                      pufout[54] (IG)                     
                                      pufout[55] (IG)                     
                                      pufout[56] (IG)                     
                                      pufout[57] (IG)                     
                                      pufout[58] (IG)                     
                                      pufout[59] (IG)                     
                                      pufout[60] (IG)                     
                                      pufout[61] (IG)                     
                                      pufout[62] (IG)                     
                                      pufout[63] (IG)                     
