// Processing Golden ...
// Modeling Golden ...
// Processing Revised ...
// Modeling Revised ...
// (F3) Cut 64 feedback loop(s), 64 with name
CPU time     : 0.63    seconds
Elapse time  : 0       seconds
Memory usage : 108.29  M bytes
// Warning: Golden and Revised have different numbers of key points:
// Golden  key points = 1814
// Revised key points = 1878
// Mapping key points ...
================================================================================
Mapped points: SYSTEM class
--------------------------------------------------------------------------------
Mapped points     PI     PO     DFF       Total   
--------------------------------------------------------------------------------
Golden            516    258    1040      1814    
--------------------------------------------------------------------------------
Revised           516    258    1040      1814    
================================================================================
Unmapped points:
================================================================================
Revised:
--------------------------------------------------------------------------------
Unmapped points   CUT       Total   
--------------------------------------------------------------------------------
Unreachable       64        64      
================================================================================
