// Processing Golden ...
// Modeling Golden ...
// Processing Revised ...
// Modeling Revised ...
// (F3) Cut 16 feedback loop(s), 16 with name
CPU time     : 0.64    seconds
Elapse time  : 1       seconds
Memory usage : 110.46  M bytes
// Warning: Golden and Revised have different numbers of key points:
// Golden  key points = 1814
// Revised key points = 1830
// Mapping key points ...
================================================================================
Mapped points: SYSTEM class
--------------------------------------------------------------------------------
Mapped points     PI     PO     DFF       Total   
--------------------------------------------------------------------------------
Golden            516    258    1040      1814    
--------------------------------------------------------------------------------
Revised           516    258    1040      1814    
================================================================================
Unmapped points:
================================================================================
Revised:
--------------------------------------------------------------------------------
Unmapped points   CUT       Total   
--------------------------------------------------------------------------------
Unreachable       16        16      
================================================================================
